// Jest Snapshot v1, https://goo.gl/fbAQLP

exports[`components:Home renders the Home page 1`] = `
<Layout>
  <p>
    This is the Home page
  </p>
  <Connect(Todo) />
  <Connect(TodoList)
    todos={
      Array [
        Object {
          "todo": "first todo",
        },
        Object {
          "todo": "second todo",
        },
      ]
    }
  />
</Layout>
`;
