// Jest Snapshot v1, https://goo.gl/fbAQLP

exports[`components:styled:MobileProgressBar renders the MobileProgressBar and CSS properties properly 1`] = `
.c0 {
  background-color: #fff;
  display: -webkit-box;
  display: -webkit-flex;
  display: -ms-flexbox;
  display: flex;
  -webkit-box-pack: center;
  -webkit-justify-content: center;
  -ms-flex-pack: center;
  justify-content: center;
  margin-bottom: 25px;
}

<nav
  className="c0"
>
  MobileProgressBar
</nav>
`;
