// Jest Snapshot v1, https://goo.gl/fbAQLP

exports[`components:styled:Layout renders the Layout and CSS properties properly 1`] = `
.c0 {
  padding: 0 15px;
}

<section
  className="c0"
>
  StyledLayout
</section>
`;
