// Jest Snapshot v1, https://goo.gl/fbAQLP

exports[`components:styled:AnswerBar renders the AnswerBar and CSS properties properly 1`] = `
.c0 {
  margin: 0 auto 41px auto;
  display: -webkit-box;
  display: -webkit-flex;
  display: -ms-flexbox;
  display: flex;
  -webkit-box-pack: center;
  -webkit-justify-content: center;
  -ms-flex-pack: center;
  justify-content: center;
}

<section
  className="c0"
/>
`;
